// Jest Snapshot v1, https://goo.gl/fbAQLP

exports[`App handles failure correctly 1`] = `"קרתה שגיאה במהלך העלאת הקבצים :("`;

exports[`App resets the form correctly 1`] = `"הקבצים נשלחו בהצלחה"`;

exports[`App submits correctly 1`] = `
Object {
  "collection": "collection name",
  "galleryName": "gallery name",
  "images": File {},
  "photographer": "photographer name",
  "season": "2018-2019",
}
`;
