// Jest Snapshot v1, https://goo.gl/fbAQLP

exports[`App matches snapshot 1`] = `
.emotion-55 {
  width: 100%;
  height: 100%;
  display: -webkit-box;
  display: -webkit-flex;
  display: -ms-flexbox;
  display: flex;
  -webkit-align-items: center;
  -webkit-box-align: center;
  -ms-flex-align: center;
  align-items: center;
  -webkit-box-pack: center;
  -webkit-justify-content: center;
  -ms-flex-pack: center;
  justify-content: center;
}

.emotion-54 {
  margin: 0;
  padding: 0;
  width: 17em;
  display: -webkit-box;
  display: -webkit-flex;
  display: -ms-flexbox;
  display: flex;
  -webkit-flex-direction: column;
  -ms-flex-direction: column;
  flex-direction: column;
}

.emotion-30 {
  margin: 0;
  padding: 0;
  padding-top: 2em;
  border-bottom: 1px solid #adadad;
}

.emotion-30:first-of-type {
  padding-top: 0;
}

.emotion-30:last-of-type {
  border-bottom: 0;
}

.emotion-2 {
  font-size: 4em;
  color: var(--main-color);
  margin: 0 0 0.1em;
}

.emotion-0 {
  font-size: 0.4em;
  font-weight: normal;
  margin: 0 0.5em;
}

.emotion-4 {
  padding: 0.5em 0 0;
  width: 100%;
  font-size: 1em;
  margin-top: 0.5em;
}

.emotion-6 {
  opacity: 1;
  border: none;
  border-radius: 0.3em;
  padding: 0.5em 0.8em;
  width: 100%;
  font-size: 0.8em;
  border: 1px solid #a2a2a2;
  -webkit-transition: opacity 200ms;
  transition: opacity 200ms;
  margin-top: 0;
}

.emotion-6:disabled {
  opacity: 0.7;
}

.emotion-8 {
  height: 18px;
  color: var(--error-color);
  text-align: left;
}

.emotion-28 {
  height: 2em;
  margin-top: 0.5em;
}

.emotion-37 {
  overflow: hidden;
  position: relative;
  width: 100%;
  display: block;
  color: rgb(231,231,231);
  background-color: var(--main-color);
  font-size: 0.8em;
  padding: 0.5em 0;
  border-radius: 0.5em;
  border: 0;
  -webkit-transition: all 200ms;
  transition: all 200ms;
  cursor: pointer;
  text-align: center;
  width: 100%;
  border: 1px solid var(--main-color);
  opacity: 1;
  -webkit-transition: opacity 200ms;
  transition: opacity 200ms;
}

.emotion-37:hover {
  background-color: var(--secondary-color);
}

.emotion-37:active {
  background-color: var(--secondary-color-light);
  color: #333;
}

.emotion-36 {
  display: block;
  font-size: 999px;
  -webkit-filter: alpha(opacity=0);
  filter: alpha(opacity=0);
  min-height: 100%;
  min-width: 100%;
  opacity: 0;
  position: absolute;
  right: 0;
  text-align: right;
  top: 0;
  cursor: pointer;
}

.emotion-48 {
  width: 100%;
}

.emotion-47 {
  color: rgb(231,231,231);
  background-color: var(--main-color);
  font-size: 0.8em;
  padding: 0.5em 0;
  border-radius: 0.5em;
  border: 0;
  -webkit-transition: all 200ms;
  transition: all 200ms;
  cursor: pointer;
  text-align: center;
  width: 100%;
  border: 1px solid var(--main-color);
  opacity: 1;
  -webkit-transition: opacity 200ms;
  transition: opacity 200ms;
  cursor: default;
  opacity: 0.7;
}

.emotion-47:hover {
  background-color: var(--secondary-color);
}

.emotion-47:active {
  background-color: var(--secondary-color-light);
  color: #333;
}

.emotion-47:hover {
  background-color: var(--main-color);
}

.emotion-47:active {
  background-color: var(--main-color);
  color: #333;
}

<div
  class="emotion-55 emotion-56"
>
  <form
    class="emotion-54"
  >
    <div
      class="emotion-30 emotion-31"
    >
      <h1
        class="emotion-2 emotion-3"
      >
        1
        <span
          class="emotion-0 emotion-1"
        >
          ממלאים פרטים
        </span>
      </h1>
      <div>
        <label
          class="emotion-4 emotion-5"
          for="collection"
        >
          שם התיקייה (אנגלית)
        </label>
        <input
          class="emotion-6 emotion-7"
          form="[object Object]"
          id="collection"
          type="text"
          value=""
        />
        <div
          class="emotion-8 emotion-9"
          data-testid="collection-error"
        />
      </div>
      <div>
        <label
          class="emotion-4 emotion-5"
          for="galleryName"
        >
          שם הגלריה (עברית)
        </label>
        <input
          class="emotion-6 emotion-7"
          form="[object Object]"
          id="galleryName"
          type="text"
          value=""
        />
        <div
          class="emotion-8 emotion-9"
          data-testid="galleryName-error"
        />
      </div>
      <div>
        <label
          class="emotion-4 emotion-5"
          for="season"
        >
          עונה
        </label>
        <input
          class="emotion-6 emotion-7"
          form="[object Object]"
          id="season"
          type="text"
          value="2018-2019"
        />
        <div
          class="emotion-8 emotion-9"
          data-testid="season-error"
        />
      </div>
      <div>
        <label
          class="emotion-4 emotion-5"
          for="photographer"
        >
          שם הצלם
        </label>
        <input
          class="emotion-6 emotion-7"
          form="[object Object]"
          id="photographer"
          type="text"
          value=""
        />
        <div
          class="emotion-8 emotion-9"
          data-testid="photographer-error"
        />
      </div>
      <div
        class="emotion-28 emotion-29"
      />
    </div>
    <div
      class="emotion-30 emotion-31"
    >
      <h1
        class="emotion-2 emotion-3"
      >
        2
        <span
          class="emotion-0 emotion-1"
        >
          בוחרים תמונות
        </span>
      </h1>
      <label
        class="emotion-37 emotion-38"
        for="uploader"
      >
        בחירת תמונות
        <input
          accept="image/*"
          class="emotion-36"
          id="uploader"
          multiple=""
          name="files"
          type="file"
        />
      </label>
      <div
        class="emotion-28 emotion-29"
      />
    </div>
    <div
      class="emotion-30 emotion-31"
    >
      <h1
        class="emotion-2 emotion-3"
      >
        3
        <span
          class="emotion-0 emotion-1"
        >
          מעלים
        </span>
      </h1>
      <div
        class="emotion-48 emotion-49"
      >
        <button
          class="emotion-47"
          data-testid="submit-button"
          disabled=""
          type="submit"
        >
          העלאה
        </button>
      </div>
      <div
        class="emotion-28 emotion-29"
      />
    </div>
  </form>
</div>
`;
